11:00:00 [INFO] Running catch-up engine for 2026-09-25 at 11:00:00 IST...
11:00:00 [INFO] Slot #1 (08:00 IST - The Macro Ledger (Substack)) is ALREADY posted today.
11:00:00 [INFO] Slot #3 (14:00 IST - The Macro Ledger (Substack)) is upcoming later today.
11:00:00 [INFO] Slot #4 (17:00 IST - Aegis US Quant Screener) is upcoming later today.
11:00:00 [INFO] Slot #5 (19:30 IST - The Macro Ledger (Substack)) is upcoming later today.
11:00:00 [INFO] Slot #6 (21:30 IST - The Macro Ledger (Substack)) is upcoming later today.
11:00:00 [INFO] Found 1 pending due slot(s) for today. Executing in sequence...
11:00:00 [INFO] Executing Slot #2 (11:00 IST) -> Target: Aegis US Quant Screener
11:00:02 [INFO] ✅ Published LIVE to LinkedIn! Share ID: urn:li:share:7509122014268416000 | Link: https://www.linkedin.com/feed/update/urn:li:share:7509122014268416000
15:02:28 [INFO] Running catch-up engine for 2026-09-25 at 15:02:28 IST...
15:02:28 [INFO] Slot #1 (08:00 IST - The Macro Ledger (Substack)) is ALREADY posted today.
15:02:28 [INFO] Slot #2 (11:00 IST - Aegis US Quant Screener) is ALREADY posted today.
15:02:28 [INFO] Slot #3 (14:00 IST - The Macro Ledger (Substack)) is ALREADY posted today.
15:02:28 [INFO] Slot #4 (17:00 IST - Aegis US Quant Screener) is upcoming later today.
15:02:28 [INFO] Slot #5 (19:30 IST - The Macro Ledger (Substack)) is upcoming later today.
15:02:28 [INFO] Slot #6 (21:30 IST - The Macro Ledger (Substack)) is upcoming later today.
15:02:28 [INFO] 🎉 All due slots for today are already posted! No catch-up needed.
15:07:28 [INFO] Running catch-up engine for 2026-09-25 at 15:07:28 IST...
15:07:28 [INFO] Slot #1 (08:00 IST - The Macro Ledger (Substack)) is ALREADY posted today.
15:07:28 [INFO] Slot #2 (11:00 IST - Aegis US Quant Screener) is ALREADY posted today.
15:07:28 [INFO] Slot #3 (14:00 IST - The Macro Ledger (Substack)) is ALREADY posted today.
15:07:28 [INFO] Slot #4 (17:00 IST - Aegis US Quant Screener) is upcoming later today.
15:07:28 [INFO] Slot #5 (19:30 IST - The Macro Ledger (Substack)) is upcoming later today.
15:07:28 [INFO] Slot #6 (21:30 IST - The Macro Ledger (Substack)) is upcoming later today.
15:07:28 [INFO] 🎉 All due slots for today are already posted! No catch-up needed.
15:12:28 [INFO] Running catch-up engine for 2026-09-25 at 15:12:28 IST...
15:12:28 [INFO] Slot #1 (08:00 IST - The Macro Ledger (Substack)) is ALREADY posted today.
15:12:28 [INFO] Slot #2 (11:00 IST - Aegis US Quant Screener) is ALREADY posted today.
15:12:28 [INFO] Slot #3 (14:00 IST - The Macro Ledger (Substack)) is ALREADY posted today.
15:12:28 [INFO] Slot #4 (17:00 IST - Aegis US Quant Screener) is upcoming later today.
15:12:28 [INFO] Slot #5 (19:30 IST - The Macro Ledger (Substack)) is upcoming later today.
15:12:28 [INFO] Slot #6 (21:30 IST - The Macro Ledger (Substack)) is upcoming later today.
15:12:28 [INFO] 🎉 All due slots for today are already posted! No catch-up needed.
15:17:28 [INFO] Running catch-up engine for 2026-09-25 at 15:17:28 IST...
15:17:28 [INFO] Slot #1 (08:00 IST - The Macro Ledger (Substack)) is ALREADY posted today.
15:17:28 [INFO] Slot #2 (11:00 IST - Aegis US Quant Screener) is ALREADY posted today.
15:17:28 [INFO] Slot #3 (14:00 IST - The Macro Ledger (Substack)) is ALREADY posted today.
15:17:28 [INFO] Slot #4 (17:00 IST - Aegis US Quant Screener) is upcoming later today.
15:17:28 [INFO] Slot #5 (19:30 IST - The Macro Ledger (Substack)) is upcoming later today.
15:17:28 [INFO] Slot #6 (21:30 IST - The Macro Ledger (Substack)) is upcoming later today.
15:17:28 [INFO] 🎉 All due slots for today are already posted! No catch-up needed.
15:22:29 [INFO] Running catch-up engine for 2026-09-25 at 15:22:29 IST...
15:22:29 [INFO] Slot #1 (08:00 IST - The Macro Ledger (Substack)) is ALREADY posted today.
15:22:29 [INFO] Slot #2 (11:00 IST - Aegis US Quant Screener) is ALREADY posted today.
15:22:29 [INFO] Slot #3 (14:00 IST - The Macro Ledger (Substack)) is ALREADY posted today.
15:22:29 [INFO] Slot #4 (17:00 IST - Aegis US Quant Screener) is upcoming later today.
15:22:29 [INFO] Slot #5 (19:30 IST - The Macro Ledger (Substack)) is upcoming later today.
15:22:29 [INFO] Slot #6 (21:30 IST - The Macro Ledger (Substack)) is upcoming later today.
15:22:29 [INFO] 🎉 All due slots for today are already posted! No catch-up needed.
15:27:29 [INFO] Running catch-up engine for 2026-09-25 at 15:27:29 IST...
15:27:29 [INFO] Slot #1 (08:00 IST - The Macro Ledger (Substack)) is ALREADY posted today.
15:27:29 [INFO] Slot #2 (11:00 IST - Aegis US Quant Screener) is ALREADY posted today.
15:27:29 [INFO] Slot #3 (14:00 IST - The Macro Ledger (Substack)) is ALREADY posted today.
15:27:29 [INFO] Slot #4 (17:00 IST - Aegis US Quant Screener) is upcoming later today.
15:27:29 [INFO] Slot #5 (19:30 IST - The Macro Ledger (Substack)) is upcoming later today.
15:27:29 [INFO] Slot #6 (21:30 IST - The Macro Ledger (Substack)) is upcoming later today.
15:27:29 [INFO] 🎉 All due slots for today are already posted! No catch-up needed.
15:32:45 [INFO] Running catch-up engine for 2026-09-25 at 15:32:45 IST...
15:32:45 [INFO] Slot #1 (08:00 IST - The Macro Ledger (Substack)) is ALREADY posted today.
15:32:45 [INFO] Slot #2 (11:00 IST - Aegis US Quant Screener) is ALREADY posted today.
15:32:45 [INFO] Slot #3 (14:00 IST - The Macro Ledger (Substack)) is ALREADY posted today.
15:32:45 [INFO] Slot #4 (17:00 IST - Aegis US Quant Screener) is upcoming later today.
15:32:45 [INFO] Slot #5 (19:30 IST - The Macro Ledger (Substack)) is upcoming later today.
15:32:45 [INFO] Slot #6 (21:30 IST - The Macro Ledger (Substack)) is upcoming later today.
15:32:45 [INFO] 🎉 All due slots for today are already posted! No catch-up needed.
15:37:57 [INFO] Running catch-up engine for 2026-09-25 at 15:37:57 IST...
15:37:57 [INFO] Slot #1 (08:00 IST - The Macro Ledger (Substack)) is ALREADY posted today.
15:37:57 [INFO] Slot #2 (11:00 IST - Aegis US Quant Screener) is ALREADY posted today.
15:37:57 [INFO] Slot #3 (14:00 IST - The Macro Ledger (Substack)) is ALREADY posted today.
15:37:57 [INFO] Slot #4 (17:00 IST - Aegis US Quant Screener) is upcoming later today.
15:37:57 [INFO] Slot #5 (19:30 IST - The Macro Ledger (Substack)) is upcoming later today.
15:37:57 [INFO] Slot #6 (21:30 IST - The Macro Ledger (Substack)) is upcoming later today.
15:37:57 [INFO] 🎉 All due slots for today are already posted! No catch-up needed.
15:43:10 [INFO] Running catch-up engine for 2026-09-25 at 15:43:10 IST...
15:43:10 [INFO] Slot #1 (08:00 IST - The Macro Ledger (Substack)) is ALREADY posted today.
15:43:10 [INFO] Slot #2 (11:00 IST - Aegis US Quant Screener) is ALREADY posted today.
15:43:10 [INFO] Slot #3 (14:00 IST - The Macro Ledger (Substack)) is ALREADY posted today.
15:43:10 [INFO] Slot #4 (17:00 IST - Aegis US Quant Screener) is upcoming later today.
15:43:10 [INFO] Slot #5 (19:30 IST - The Macro Ledger (Substack)) is upcoming later today.
15:43:10 [INFO] Slot #6 (21:30 IST - The Macro Ledger (Substack)) is upcoming later today.
15:43:10 [INFO] 🎉 All due slots for today are already posted! No catch-up needed.
15:48:42 [INFO] Running catch-up engine for 2026-09-25 at 15:48:42 IST...
15:48:42 [INFO] Slot #1 (08:00 IST - The Macro Ledger (Substack)) is ALREADY posted today.
15:48:42 [INFO] Slot #2 (11:00 IST - Aegis US Quant Screener) is ALREADY posted today.
15:48:42 [INFO] Slot #3 (14:00 IST - The Macro Ledger (Substack)) is ALREADY posted today.
15:48:42 [INFO] Slot #4 (17:00 IST - Aegis US Quant Screener) is upcoming later today.
15:48:42 [INFO] Slot #5 (19:30 IST - The Macro Ledger (Substack)) is upcoming later today.
15:48:42 [INFO] Slot #6 (21:30 IST - The Macro Ledger (Substack)) is upcoming later today.
15:48:42 [INFO] 🎉 All due slots for today are already posted! No catch-up needed.
15:54:15 [INFO] Running catch-up engine for 2026-09-25 at 15:54:15 IST...
15:54:15 [INFO] Slot #1 (08:00 IST - The Macro Ledger (Substack)) is ALREADY posted today.
15:54:15 [INFO] Slot #2 (11:00 IST - Aegis US Quant Screener) is ALREADY posted today.
15:54:15 [INFO] Slot #3 (14:00 IST - The Macro Ledger (Substack)) is ALREADY posted today.
15:54:15 [INFO] Slot #4 (17:00 IST - Aegis US Quant Screener) is upcoming later today.
15:54:15 [INFO] Slot #5 (19:30 IST - The Macro Ledger (Substack)) is upcoming later today.
15:54:15 [INFO] Slot #6 (21:30 IST - The Macro Ledger (Substack)) is upcoming later today.
15:54:15 [INFO] 🎉 All due slots for today are already posted! No catch-up needed.
15:59:44 [INFO] Running catch-up engine for 2026-09-25 at 15:59:44 IST...
15:59:44 [INFO] Slot #1 (08:00 IST - The Macro Ledger (Substack)) is ALREADY posted today.
15:59:44 [INFO] Slot #2 (11:00 IST - Aegis US Quant Screener) is ALREADY posted today.
15:59:44 [INFO] Slot #3 (14:00 IST - The Macro Ledger (Substack)) is ALREADY posted today.
15:59:44 [INFO] Slot #4 (17:00 IST - Aegis US Quant Screener) is upcoming later today.
15:59:44 [INFO] Slot #5 (19:30 IST - The Macro Ledger (Substack)) is upcoming later today.
15:59:44 [INFO] Slot #6 (21:30 IST - The Macro Ledger (Substack)) is upcoming later today.
15:59:44 [INFO] 🎉 All due slots for today are already posted! No catch-up needed.
16:04:57 [INFO] Running catch-up engine for 2026-09-25 at 16:04:57 IST...
16:04:57 [INFO] Slot #1 (08:00 IST - The Macro Ledger (Substack)) is ALREADY posted today.
16:04:57 [INFO] Slot #2 (11:00 IST - Aegis US Quant Screener) is ALREADY posted today.
16:04:57 [INFO] Slot #3 (14:00 IST - The Macro Ledger (Substack)) is ALREADY posted today.
16:04:57 [INFO] Slot #4 (17:00 IST - Aegis US Quant Screener) is upcoming later today.
16:04:57 [INFO] Slot #5 (19:30 IST - The Macro Ledger (Substack)) is upcoming later today.
16:04:57 [INFO] Slot #6 (21:30 IST - The Macro Ledger (Substack)) is upcoming later today.
16:04:57 [INFO] 🎉 All due slots for today are already posted! No catch-up needed.
16:09:57 [INFO] Running catch-up engine for 2026-09-25 at 16:09:57 IST...
16:09:57 [INFO] Slot #1 (08:00 IST - The Macro Ledger (Substack)) is ALREADY posted today.
16:09:57 [INFO] Slot #2 (11:00 IST - Aegis US Quant Screener) is ALREADY posted today.
16:09:57 [INFO] Slot #3 (14:00 IST - The Macro Ledger (Substack)) is ALREADY posted today.
16:09:57 [INFO] Slot #4 (17:00 IST - Aegis US Quant Screener) is upcoming later today.
16:09:57 [INFO] Slot #5 (19:30 IST - The Macro Ledger (Substack)) is upcoming later today.
16:09:57 [INFO] Slot #6 (21:30 IST - The Macro Ledger (Substack)) is upcoming later today.
16:09:57 [INFO] 🎉 All due slots for today are already posted! No catch-up needed.
16:14:57 [INFO] Running catch-up engine for 2026-09-25 at 16:14:57 IST...
16:14:57 [INFO] Slot #1 (08:00 IST - The Macro Ledger (Substack)) is ALREADY posted today.
16:14:57 [INFO] Slot #2 (11:00 IST - Aegis US Quant Screener) is ALREADY posted today.
16:14:57 [INFO] Slot #3 (14:00 IST - The Macro Ledger (Substack)) is ALREADY posted today.
16:14:57 [INFO] Slot #4 (17:00 IST - Aegis US Quant Screener) is upcoming later today.
16:14:57 [INFO] Slot #5 (19:30 IST - The Macro Ledger (Substack)) is upcoming later today.
16:14:57 [INFO] Slot #6 (21:30 IST - The Macro Ledger (Substack)) is upcoming later today.
16:14:57 [INFO] 🎉 All due slots for today are already posted! No catch-up needed.
16:19:58 [INFO] Running catch-up engine for 2026-09-25 at 16:19:58 IST...
16:19:58 [INFO] Slot #1 (08:00 IST - The Macro Ledger (Substack)) is ALREADY posted today.
16:19:58 [INFO] Slot #2 (11:00 IST - Aegis US Quant Screener) is ALREADY posted today.
16:19:58 [INFO] Slot #3 (14:00 IST - The Macro Ledger (Substack)) is ALREADY posted today.
16:19:58 [INFO] Slot #4 (17:00 IST - Aegis US Quant Screener) is upcoming later today.
16:19:58 [INFO] Slot #5 (19:30 IST - The Macro Ledger (Substack)) is upcoming later today.
16:19:58 [INFO] Slot #6 (21:30 IST - The Macro Ledger (Substack)) is upcoming later today.
16:19:58 [INFO] 🎉 All due slots for today are already posted! No catch-up needed.
16:24:58 [INFO] Running catch-up engine for 2026-09-25 at 16:24:58 IST...
16:24:58 [INFO] Slot #1 (08:00 IST - The Macro Ledger (Substack)) is ALREADY posted today.
16:24:58 [INFO] Slot #2 (11:00 IST - Aegis US Quant Screener) is ALREADY posted today.
16:24:58 [INFO] Slot #3 (14:00 IST - The Macro Ledger (Substack)) is ALREADY posted today.
16:24:58 [INFO] Slot #4 (17:00 IST - Aegis US Quant Screener) is upcoming later today.
16:24:58 [INFO] Slot #5 (19:30 IST - The Macro Ledger (Substack)) is upcoming later today.
16:24:58 [INFO] Slot #6 (21:30 IST - The Macro Ledger (Substack)) is upcoming later today.
16:24:58 [INFO] 🎉 All due slots for today are already posted! No catch-up needed.
16:29:58 [INFO] Running catch-up engine for 2026-09-25 at 16:29:58 IST...
16:29:58 [INFO] Slot #1 (08:00 IST - The Macro Ledger (Substack)) is ALREADY posted today.
16:29:58 [INFO] Slot #2 (11:00 IST - Aegis US Quant Screener) is ALREADY posted today.
16:29:58 [INFO] Slot #3 (14:00 IST - The Macro Ledger (Substack)) is ALREADY posted today.
16:29:58 [INFO] Slot #4 (17:00 IST - Aegis US Quant Screener) is upcoming later today.
16:29:58 [INFO] Slot #5 (19:30 IST - The Macro Ledger (Substack)) is upcoming later today.
16:29:58 [INFO] Slot #6 (21:30 IST - The Macro Ledger (Substack)) is upcoming later today.
16:29:58 [INFO] 🎉 All due slots for today are already posted! No catch-up needed.
16:34:59 [INFO] Running catch-up engine for 2026-09-25 at 16:34:59 IST...
16:34:59 [INFO] Slot #1 (08:00 IST - The Macro Ledger (Substack)) is ALREADY posted today.
16:34:59 [INFO] Slot #2 (11:00 IST - Aegis US Quant Screener) is ALREADY posted today.
16:34:59 [INFO] Slot #3 (14:00 IST - The Macro Ledger (Substack)) is ALREADY posted today.
16:34:59 [INFO] Slot #4 (17:00 IST - Aegis US Quant Screener) is upcoming later today.
16:34:59 [INFO] Slot #5 (19:30 IST - The Macro Ledger (Substack)) is upcoming later today.
16:34:59 [INFO] Slot #6 (21:30 IST - The Macro Ledger (Substack)) is upcoming later today.
16:34:59 [INFO] 🎉 All due slots for today are already posted! No catch-up needed.
16:40:00 [INFO] Running catch-up engine for 2026-09-25 at 16:40:00 IST...
16:40:00 [INFO] Slot #1 (08:00 IST - The Macro Ledger (Substack)) is ALREADY posted today.
16:40:00 [INFO] Slot #2 (11:00 IST - Aegis US Quant Screener) is ALREADY posted today.
16:40:00 [INFO] Slot #3 (14:00 IST - The Macro Ledger (Substack)) is ALREADY posted today.
16:40:00 [INFO] Slot #4 (17:00 IST - Aegis US Quant Screener) is upcoming later today.
16:40:00 [INFO] Slot #5 (19:30 IST - The Macro Ledger (Substack)) is upcoming later today.
16:40:00 [INFO] Slot #6 (21:30 IST - The Macro Ledger (Substack)) is upcoming later today.
16:40:00 [INFO] 🎉 All due slots for today are already posted! No catch-up needed.
16:45:09 [INFO] Running catch-up engine for 2026-09-25 at 16:45:09 IST...
16:45:09 [INFO] Slot #1 (08:00 IST - The Macro Ledger (Substack)) is ALREADY posted today.
16:45:09 [INFO] Slot #2 (11:00 IST - Aegis US Quant Screener) is ALREADY posted today.
16:45:09 [INFO] Slot #3 (14:00 IST - The Macro Ledger (Substack)) is ALREADY posted today.
16:45:09 [INFO] Slot #4 (17:00 IST - Aegis US Quant Screener) is upcoming later today.
16:45:09 [INFO] Slot #5 (19:30 IST - The Macro Ledger (Substack)) is upcoming later today.
16:45:09 [INFO] Slot #6 (21:30 IST - The Macro Ledger (Substack)) is upcoming later today.
16:45:09 [INFO] 🎉 All due slots for today are already posted! No catch-up needed.
16:50:09 [INFO] Running catch-up engine for 2026-09-25 at 16:50:09 IST...
16:50:10 [INFO] Slot #1 (08:00 IST - The Macro Ledger (Substack)) is ALREADY posted today.
16:50:10 [INFO] Slot #2 (11:00 IST - Aegis US Quant Screener) is ALREADY posted today.
16:50:10 [INFO] Slot #3 (14:00 IST - The Macro Ledger (Substack)) is ALREADY posted today.
16:50:10 [INFO] Slot #4 (17:00 IST - Aegis US Quant Screener) is upcoming later today.
16:50:10 [INFO] Slot #5 (19:30 IST - The Macro Ledger (Substack)) is upcoming later today.
16:50:10 [INFO] Slot #6 (21:30 IST - The Macro Ledger (Substack)) is upcoming later today.
16:50:10 [INFO] 🎉 All due slots for today are already posted! No catch-up needed.
16:55:10 [INFO] Running catch-up engine for 2026-09-25 at 16:55:10 IST...
16:55:10 [INFO] Slot #1 (08:00 IST - The Macro Ledger (Substack)) is ALREADY posted today.
16:55:10 [INFO] Slot #2 (11:00 IST - Aegis US Quant Screener) is ALREADY posted today.
16:55:10 [INFO] Slot #3 (14:00 IST - The Macro Ledger (Substack)) is ALREADY posted today.
16:55:10 [INFO] Slot #4 (17:00 IST - Aegis US Quant Screener) is upcoming later today.
16:55:10 [INFO] Slot #5 (19:30 IST - The Macro Ledger (Substack)) is upcoming later today.
16:55:10 [INFO] Slot #6 (21:30 IST - The Macro Ledger (Substack)) is upcoming later today.
16:55:10 [INFO] 🎉 All due slots for today are already posted! No catch-up needed.
17:00:00 [INFO] Running catch-up engine for 2026-09-25 at 17:00:00 IST...
17:00:00 [INFO] Slot #1 (08:00 IST - The Macro Ledger (Substack)) is ALREADY posted today.
17:00:00 [INFO] Slot #2 (11:00 IST - Aegis US Quant Screener) is ALREADY posted today.
17:00:00 [INFO] Slot #3 (14:00 IST - The Macro Ledger (Substack)) is ALREADY posted today.
17:00:00 [INFO] Slot #4 (17:00 IST - Aegis US Quant Screener) is ALREADY posted today.
17:00:00 [INFO] Slot #5 (19:30 IST - The Macro Ledger (Substack)) is upcoming later today.
17:00:00 [INFO] Slot #6 (21:30 IST - The Macro Ledger (Substack)) is upcoming later today.
17:00:00 [INFO] 🎉 All due slots for today are already posted! No catch-up needed.
17:05:00 [INFO] Running catch-up engine for 2026-09-25 at 17:05:00 IST...
17:05:00 [INFO] Slot #1 (08:00 IST - The Macro Ledger (Substack)) is ALREADY posted today.
17:05:00 [INFO] Slot #2 (11:00 IST - Aegis US Quant Screener) is ALREADY posted today.
17:05:00 [INFO] Slot #3 (14:00 IST - The Macro Ledger (Substack)) is ALREADY posted today.
17:05:00 [INFO] Slot #4 (17:00 IST - Aegis US Quant Screener) is ALREADY posted today.
17:05:00 [INFO] Slot #5 (19:30 IST - The Macro Ledger (Substack)) is upcoming later today.
17:05:00 [INFO] Slot #6 (21:30 IST - The Macro Ledger (Substack)) is upcoming later today.
17:05:00 [INFO] 🎉 All due slots for today are already posted! No catch-up needed.
17:10:00 [INFO] Running catch-up engine for 2026-09-25 at 17:10:00 IST...
17:10:00 [INFO] Slot #1 (08:00 IST - The Macro Ledger (Substack)) is ALREADY posted today.
17:10:00 [INFO] Slot #2 (11:00 IST - Aegis US Quant Screener) is ALREADY posted today.
17:10:00 [INFO] Slot #3 (14:00 IST - The Macro Ledger (Substack)) is ALREADY posted today.
17:10:00 [INFO] Slot #4 (17:00 IST - Aegis US Quant Screener) is ALREADY posted today.
17:10:00 [INFO] Slot #5 (19:30 IST - The Macro Ledger (Substack)) is upcoming later today.
17:10:00 [INFO] Slot #6 (21:30 IST - The Macro Ledger (Substack)) is upcoming later today.
17:10:00 [INFO] 🎉 All due slots for today are already posted! No catch-up needed.
17:15:00 [INFO] Running catch-up engine for 2026-09-25 at 17:15:00 IST...
17:15:00 [INFO] Slot #1 (08:00 IST - The Macro Ledger (Substack)) is ALREADY posted today.
17:15:00 [INFO] Slot #2 (11:00 IST - Aegis US Quant Screener) is ALREADY posted today.
17:15:00 [INFO] Slot #3 (14:00 IST - The Macro Ledger (Substack)) is ALREADY posted today.
17:15:00 [INFO] Slot #4 (17:00 IST - Aegis US Quant Screener) is ALREADY posted today.
17:15:00 [INFO] Slot #5 (19:30 IST - The Macro Ledger (Substack)) is upcoming later today.
17:15:00 [INFO] Slot #6 (21:30 IST - The Macro Ledger (Substack)) is upcoming later today.
17:15:00 [INFO] 🎉 All due slots for today are already posted! No catch-up needed.
17:20:01 [INFO] Running catch-up engine for 2026-09-25 at 17:20:01 IST...
17:20:01 [INFO] Slot #1 (08:00 IST - The Macro Ledger (Substack)) is ALREADY posted today.
17:20:01 [INFO] Slot #2 (11:00 IST - Aegis US Quant Screener) is ALREADY posted today.
17:20:01 [INFO] Slot #3 (14:00 IST - The Macro Ledger (Substack)) is ALREADY posted today.
17:20:01 [INFO] Slot #4 (17:00 IST - Aegis US Quant Screener) is ALREADY posted today.
17:20:01 [INFO] Slot #5 (19:30 IST - The Macro Ledger (Substack)) is upcoming later today.
17:20:01 [INFO] Slot #6 (21:30 IST - The Macro Ledger (Substack)) is upcoming later today.
17:20:01 [INFO] 🎉 All due slots for today are already posted! No catch-up needed.
17:25:01 [INFO] Running catch-up engine for 2026-09-25 at 17:25:01 IST...
17:25:01 [INFO] Slot #1 (08:00 IST - The Macro Ledger (Substack)) is ALREADY posted today.
17:25:01 [INFO] Slot #2 (11:00 IST - Aegis US Quant Screener) is ALREADY posted today.
17:25:01 [INFO] Slot #3 (14:00 IST - The Macro Ledger (Substack)) is ALREADY posted today.
17:25:01 [INFO] Slot #4 (17:00 IST - Aegis US Quant Screener) is ALREADY posted today.
17:25:01 [INFO] Slot #5 (19:30 IST - The Macro Ledger (Substack)) is upcoming later today.
17:25:01 [INFO] Slot #6 (21:30 IST - The Macro Ledger (Substack)) is upcoming later today.
17:25:01 [INFO] 🎉 All due slots for today are already posted! No catch-up needed.
17:30:01 [INFO] Running catch-up engine for 2026-09-25 at 17:30:01 IST...
17:30:01 [INFO] Slot #1 (08:00 IST - The Macro Ledger (Substack)) is ALREADY posted today.
17:30:01 [INFO] Slot #2 (11:00 IST - Aegis US Quant Screener) is ALREADY posted today.
17:30:01 [INFO] Slot #3 (14:00 IST - The Macro Ledger (Substack)) is ALREADY posted today.
17:30:01 [INFO] Slot #4 (17:00 IST - Aegis US Quant Screener) is ALREADY posted today.
17:30:01 [INFO] Slot #5 (19:30 IST - The Macro Ledger (Substack)) is upcoming later today.
17:30:01 [INFO] Slot #6 (21:30 IST - The Macro Ledger (Substack)) is upcoming later today.
17:30:01 [INFO] 🎉 All due slots for today are already posted! No catch-up needed.
17:35:01 [INFO] Running catch-up engine for 2026-09-25 at 17:35:01 IST...
17:35:01 [INFO] Slot #1 (08:00 IST - The Macro Ledger (Substack)) is ALREADY posted today.
17:35:01 [INFO] Slot #2 (11:00 IST - Aegis US Quant Screener) is ALREADY posted today.
17:35:01 [INFO] Slot #3 (14:00 IST - The Macro Ledger (Substack)) is ALREADY posted today.
17:35:01 [INFO] Slot #4 (17:00 IST - Aegis US Quant Screener) is ALREADY posted today.
17:35:01 [INFO] Slot #5 (19:30 IST - The Macro Ledger (Substack)) is upcoming later today.
17:35:01 [INFO] Slot #6 (21:30 IST - The Macro Ledger (Substack)) is upcoming later today.
17:35:01 [INFO] 🎉 All due slots for today are already posted! No catch-up needed.
17:40:02 [INFO] Running catch-up engine for 2026-09-25 at 17:40:02 IST...
17:40:02 [INFO] Slot #1 (08:00 IST - The Macro Ledger (Substack)) is ALREADY posted today.
17:40:02 [INFO] Slot #2 (11:00 IST - Aegis US Quant Screener) is ALREADY posted today.
17:40:02 [INFO] Slot #3 (14:00 IST - The Macro Ledger (Substack)) is ALREADY posted today.
17:40:02 [INFO] Slot #4 (17:00 IST - Aegis US Quant Screener) is ALREADY posted today.
17:40:02 [INFO] Slot #5 (19:30 IST - The Macro Ledger (Substack)) is upcoming later today.
17:40:02 [INFO] Slot #6 (21:30 IST - The Macro Ledger (Substack)) is upcoming later today.
17:40:02 [INFO] 🎉 All due slots for today are already posted! No catch-up needed.
17:45:02 [INFO] Running catch-up engine for 2026-09-25 at 17:45:02 IST...
17:45:02 [INFO] Slot #1 (08:00 IST - The Macro Ledger (Substack)) is ALREADY posted today.
17:45:02 [INFO] Slot #2 (11:00 IST - Aegis US Quant Screener) is ALREADY posted today.
17:45:02 [INFO] Slot #3 (14:00 IST - The Macro Ledger (Substack)) is ALREADY posted today.
17:45:02 [INFO] Slot #4 (17:00 IST - Aegis US Quant Screener) is ALREADY posted today.
17:45:02 [INFO] Slot #5 (19:30 IST - The Macro Ledger (Substack)) is upcoming later today.
17:45:02 [INFO] Slot #6 (21:30 IST - The Macro Ledger (Substack)) is upcoming later today.
17:45:02 [INFO] 🎉 All due slots for today are already posted! No catch-up needed.
17:50:02 [INFO] Running catch-up engine for 2026-09-25 at 17:50:02 IST...
17:50:02 [INFO] Slot #1 (08:00 IST - The Macro Ledger (Substack)) is ALREADY posted today.
17:50:02 [INFO] Slot #2 (11:00 IST - Aegis US Quant Screener) is ALREADY posted today.
17:50:02 [INFO] Slot #3 (14:00 IST - The Macro Ledger (Substack)) is ALREADY posted today.
17:50:02 [INFO] Slot #4 (17:00 IST - Aegis US Quant Screener) is ALREADY posted today.
17:50:02 [INFO] Slot #5 (19:30 IST - The Macro Ledger (Substack)) is upcoming later today.
17:50:02 [INFO] Slot #6 (21:30 IST - The Macro Ledger (Substack)) is upcoming later today.
17:50:02 [INFO] 🎉 All due slots for today are already posted! No catch-up needed.
17:55:02 [INFO] Running catch-up engine for 2026-09-25 at 17:55:02 IST...
17:55:02 [INFO] Slot #1 (08:00 IST - The Macro Ledger (Substack)) is ALREADY posted today.
17:55:02 [INFO] Slot #2 (11:00 IST - Aegis US Quant Screener) is ALREADY posted today.
17:55:02 [INFO] Slot #3 (14:00 IST - The Macro Ledger (Substack)) is ALREADY posted today.
17:55:02 [INFO] Slot #4 (17:00 IST - Aegis US Quant Screener) is ALREADY posted today.
17:55:02 [INFO] Slot #5 (19:30 IST - The Macro Ledger (Substack)) is upcoming later today.
17:55:02 [INFO] Slot #6 (21:30 IST - The Macro Ledger (Substack)) is upcoming later today.
17:55:02 [INFO] 🎉 All due slots for today are already posted! No catch-up needed.
18:00:03 [INFO] Running catch-up engine for 2026-09-25 at 18:00:03 IST...
18:00:03 [INFO] Slot #1 (08:00 IST - The Macro Ledger (Substack)) is ALREADY posted today.
18:00:03 [INFO] Slot #2 (11:00 IST - Aegis US Quant Screener) is ALREADY posted today.
18:00:03 [INFO] Slot #3 (14:00 IST - The Macro Ledger (Substack)) is ALREADY posted today.
18:00:03 [INFO] Slot #4 (17:00 IST - Aegis US Quant Screener) is ALREADY posted today.
18:00:03 [INFO] Slot #5 (19:30 IST - The Macro Ledger (Substack)) is upcoming later today.
18:00:03 [INFO] Slot #6 (21:30 IST - The Macro Ledger (Substack)) is upcoming later today.
18:00:03 [INFO] 🎉 All due slots for today are already posted! No catch-up needed.
18:05:06 [INFO] Running catch-up engine for 2026-09-25 at 18:05:06 IST...
18:05:06 [INFO] Slot #1 (08:00 IST - The Macro Ledger (Substack)) is ALREADY posted today.
18:05:06 [INFO] Slot #2 (11:00 IST - Aegis US Quant Screener) is ALREADY posted today.
18:05:06 [INFO] Slot #3 (14:00 IST - The Macro Ledger (Substack)) is ALREADY posted today.
18:05:06 [INFO] Slot #4 (17:00 IST - Aegis US Quant Screener) is ALREADY posted today.
18:05:06 [INFO] Slot #5 (19:30 IST - The Macro Ledger (Substack)) is upcoming later today.
18:05:06 [INFO] Slot #6 (21:30 IST - The Macro Ledger (Substack)) is upcoming later today.
18:05:06 [INFO] 🎉 All due slots for today are already posted! No catch-up needed.
18:10:06 [INFO] Running catch-up engine for 2026-09-25 at 18:10:06 IST...
18:10:06 [INFO] Slot #1 (08:00 IST - The Macro Ledger (Substack)) is ALREADY posted today.
18:10:06 [INFO] Slot #2 (11:00 IST - Aegis US Quant Screener) is ALREADY posted today.
18:10:06 [INFO] Slot #3 (14:00 IST - The Macro Ledger (Substack)) is ALREADY posted today.
18:10:06 [INFO] Slot #4 (17:00 IST - Aegis US Quant Screener) is ALREADY posted today.
18:10:06 [INFO] Slot #5 (19:30 IST - The Macro Ledger (Substack)) is upcoming later today.
18:10:06 [INFO] Slot #6 (21:30 IST - The Macro Ledger (Substack)) is upcoming later today.
18:10:06 [INFO] 🎉 All due slots for today are already posted! No catch-up needed.
18:15:06 [INFO] Running catch-up engine for 2026-09-25 at 18:15:06 IST...
18:15:06 [INFO] Slot #1 (08:00 IST - The Macro Ledger (Substack)) is ALREADY posted today.
18:15:06 [INFO] Slot #2 (11:00 IST - Aegis US Quant Screener) is ALREADY posted today.
18:15:06 [INFO] Slot #3 (14:00 IST - The Macro Ledger (Substack)) is ALREADY posted today.
18:15:06 [INFO] Slot #4 (17:00 IST - Aegis US Quant Screener) is ALREADY posted today.
18:15:06 [INFO] Slot #5 (19:30 IST - The Macro Ledger (Substack)) is upcoming later today.
18:15:06 [INFO] Slot #6 (21:30 IST - The Macro Ledger (Substack)) is upcoming later today.
18:15:06 [INFO] 🎉 All due slots for today are already posted! No catch-up needed.
18:20:07 [INFO] Running catch-up engine for 2026-09-25 at 18:20:07 IST...
18:20:07 [INFO] Slot #1 (08:00 IST - The Macro Ledger (Substack)) is ALREADY posted today.
18:20:07 [INFO] Slot #2 (11:00 IST - Aegis US Quant Screener) is ALREADY posted today.
18:20:07 [INFO] Slot #3 (14:00 IST - The Macro Ledger (Substack)) is ALREADY posted today.
18:20:07 [INFO] Slot #4 (17:00 IST - Aegis US Quant Screener) is ALREADY posted today.
18:20:07 [INFO] Slot #5 (19:30 IST - The Macro Ledger (Substack)) is upcoming later today.
18:20:07 [INFO] Slot #6 (21:30 IST - The Macro Ledger (Substack)) is upcoming later today.
18:20:07 [INFO] 🎉 All due slots for today are already posted! No catch-up needed.
21:22:01 [INFO] Running catch-up engine for 2026-09-25 at 21:22:01 IST...
21:22:01 [INFO] Slot #1 (08:00 IST - The Macro Ledger (Substack)) is ALREADY posted today.
21:22:01 [INFO] Slot #2 (11:00 IST - Aegis US Quant Screener) is ALREADY posted today.
21:22:01 [INFO] Slot #3 (14:00 IST - The Macro Ledger (Substack)) is ALREADY posted today.
21:22:01 [INFO] Slot #4 (17:00 IST - Aegis US Quant Screener) is ALREADY posted today.
21:22:01 [INFO] Slot #5 (19:30 IST - The Macro Ledger (Substack)) is ALREADY posted today.
21:22:01 [INFO] Slot #6 (21:30 IST - The Macro Ledger (Substack)) is upcoming later today.
21:22:01 [INFO] 🎉 All due slots for today are already posted! No catch-up needed.
21:30:01 [INFO] Running catch-up engine for 2026-09-25 at 21:30:01 IST...
21:30:01 [INFO] Slot #1 (08:00 IST - The Macro Ledger (Substack)) is ALREADY posted today.
21:30:01 [INFO] Slot #2 (11:00 IST - Aegis US Quant Screener) is ALREADY posted today.
21:30:01 [INFO] Slot #3 (14:00 IST - The Macro Ledger (Substack)) is ALREADY posted today.
21:30:01 [INFO] Slot #4 (17:00 IST - Aegis US Quant Screener) is ALREADY posted today.
21:30:01 [INFO] Slot #5 (19:30 IST - The Macro Ledger (Substack)) is ALREADY posted today.
21:30:01 [INFO] Slot #6 (21:30 IST - The Macro Ledger (Substack)) is ALREADY posted today.
21:30:01 [INFO] 🎉 All due slots for today are already posted! No catch-up needed.
22:25:36 [INFO] Running catch-up engine for 2026-09-25 at 22:25:36 IST...
22:25:36 [INFO] Slot #1 (08:00 IST - The Macro Ledger (Substack)) is ALREADY posted today.
22:25:36 [INFO] Slot #2 (11:00 IST - Aegis US Quant Screener) is ALREADY posted today.
22:25:36 [INFO] Slot #3 (14:00 IST - The Macro Ledger (Substack)) is ALREADY posted today.
22:25:36 [INFO] Slot #4 (17:00 IST - Aegis US Quant Screener) is ALREADY posted today.
22:25:36 [INFO] Slot #5 (19:30 IST - The Macro Ledger (Substack)) is ALREADY posted today.
22:25:36 [INFO] Slot #6 (21:30 IST - The Macro Ledger (Substack)) is ALREADY posted today.
22:25:36 [INFO] 🎉 All due slots for today are already posted! No catch-up needed.
22:30:36 [INFO] Running catch-up engine for 2026-09-25 at 22:30:36 IST...
22:30:36 [INFO] Slot #1 (08:00 IST - The Macro Ledger (Substack)) is ALREADY posted today.
22:30:36 [INFO] Slot #2 (11:00 IST - Aegis US Quant Screener) is ALREADY posted today.
22:30:36 [INFO] Slot #3 (14:00 IST - The Macro Ledger (Substack)) is ALREADY posted today.
22:30:36 [INFO] Slot #4 (17:00 IST - Aegis US Quant Screener) is ALREADY posted today.
22:30:36 [INFO] Slot #5 (19:30 IST - The Macro Ledger (Substack)) is ALREADY posted today.
22:30:36 [INFO] Slot #6 (21:30 IST - The Macro Ledger (Substack)) is ALREADY posted today.
22:30:36 [INFO] 🎉 All due slots for today are already posted! No catch-up needed.
22:38:21 [INFO] Running catch-up engine for 2026-09-25 at 22:38:21 IST...
22:38:21 [INFO] Slot #1 (08:00 IST - The Macro Ledger (Substack)) is ALREADY posted today.
22:38:21 [INFO] Slot #2 (11:00 IST - Aegis US Quant Screener) is ALREADY posted today.
22:38:21 [INFO] Slot #3 (14:00 IST - The Macro Ledger (Substack)) is ALREADY posted today.
22:38:21 [INFO] Slot #4 (17:00 IST - Aegis US Quant Screener) is ALREADY posted today.
22:38:21 [INFO] Slot #5 (19:30 IST - The Macro Ledger (Substack)) is ALREADY posted today.
22:38:21 [INFO] Slot #6 (21:30 IST - The Macro Ledger (Substack)) is ALREADY posted today.
22:38:21 [INFO] 🎉 All due slots for today are already posted! No catch-up needed.
22:43:21 [INFO] Running catch-up engine for 2026-09-25 at 22:43:21 IST...
22:43:21 [INFO] Slot #1 (08:00 IST - The Macro Ledger (Substack)) is ALREADY posted today.
22:43:21 [INFO] Slot #2 (11:00 IST - Aegis US Quant Screener) is ALREADY posted today.
22:43:21 [INFO] Slot #3 (14:00 IST - The Macro Ledger (Substack)) is ALREADY posted today.
22:43:21 [INFO] Slot #4 (17:00 IST - Aegis US Quant Screener) is ALREADY posted today.
22:43:21 [INFO] Slot #5 (19:30 IST - The Macro Ledger (Substack)) is ALREADY posted today.
22:43:21 [INFO] Slot #6 (21:30 IST - The Macro Ledger (Substack)) is ALREADY posted today.
22:43:21 [INFO] 🎉 All due slots for today are already posted! No catch-up needed.
22:48:21 [INFO] Running catch-up engine for 2026-09-25 at 22:48:21 IST...
22:48:21 [INFO] Slot #1 (08:00 IST - The Macro Ledger (Substack)) is ALREADY posted today.
22:48:21 [INFO] Slot #2 (11:00 IST - Aegis US Quant Screener) is ALREADY posted today.
22:48:21 [INFO] Slot #3 (14:00 IST - The Macro Ledger (Substack)) is ALREADY posted today.
22:48:21 [INFO] Slot #4 (17:00 IST - Aegis US Quant Screener) is ALREADY posted today.
22:48:21 [INFO] Slot #5 (19:30 IST - The Macro Ledger (Substack)) is ALREADY posted today.
22:48:21 [INFO] Slot #6 (21:30 IST - The Macro Ledger (Substack)) is ALREADY posted today.
22:48:21 [INFO] 🎉 All due slots for today are already posted! No catch-up needed.
22:53:22 [INFO] Running catch-up engine for 2026-09-25 at 22:53:22 IST...
22:53:22 [INFO] Slot #1 (08:00 IST - The Macro Ledger (Substack)) is ALREADY posted today.
22:53:22 [INFO] Slot #2 (11:00 IST - Aegis US Quant Screener) is ALREADY posted today.
22:53:22 [INFO] Slot #3 (14:00 IST - The Macro Ledger (Substack)) is ALREADY posted today.
22:53:22 [INFO] Slot #4 (17:00 IST - Aegis US Quant Screener) is ALREADY posted today.
22:53:22 [INFO] Slot #5 (19:30 IST - The Macro Ledger (Substack)) is ALREADY posted today.
22:53:22 [INFO] Slot #6 (21:30 IST - The Macro Ledger (Substack)) is ALREADY posted today.
22:53:22 [INFO] 🎉 All due slots for today are already posted! No catch-up needed.
22:58:22 [INFO] Running catch-up engine for 2026-09-25 at 22:58:22 IST...
22:58:22 [INFO] Slot #1 (08:00 IST - The Macro Ledger (Substack)) is ALREADY posted today.
22:58:22 [INFO] Slot #2 (11:00 IST - Aegis US Quant Screener) is ALREADY posted today.
22:58:22 [INFO] Slot #3 (14:00 IST - The Macro Ledger (Substack)) is ALREADY posted today.
22:58:22 [INFO] Slot #4 (17:00 IST - Aegis US Quant Screener) is ALREADY posted today.
22:58:22 [INFO] Slot #5 (19:30 IST - The Macro Ledger (Substack)) is ALREADY posted today.
22:58:22 [INFO] Slot #6 (21:30 IST - The Macro Ledger (Substack)) is ALREADY posted today.
22:58:22 [INFO] 🎉 All due slots for today are already posted! No catch-up needed.
23:03:22 [INFO] Running catch-up engine for 2026-09-25 at 23:03:22 IST...
23:03:22 [INFO] Slot #1 (08:00 IST - The Macro Ledger (Substack)) is ALREADY posted today.
23:03:22 [INFO] Slot #2 (11:00 IST - Aegis US Quant Screener) is ALREADY posted today.
23:03:22 [INFO] Slot #3 (14:00 IST - The Macro Ledger (Substack)) is ALREADY posted today.
23:03:22 [INFO] Slot #4 (17:00 IST - Aegis US Quant Screener) is ALREADY posted today.
23:03:22 [INFO] Slot #5 (19:30 IST - The Macro Ledger (Substack)) is ALREADY posted today.
23:03:22 [INFO] Slot #6 (21:30 IST - The Macro Ledger (Substack)) is ALREADY posted today.
23:03:22 [INFO] 🎉 All due slots for today are already posted! No catch-up needed.
23:08:22 [INFO] Running catch-up engine for 2026-09-25 at 23:08:22 IST...
23:08:22 [INFO] Slot #1 (08:00 IST - The Macro Ledger (Substack)) is ALREADY posted today.
23:08:22 [INFO] Slot #2 (11:00 IST - Aegis US Quant Screener) is ALREADY posted today.
23:08:22 [INFO] Slot #3 (14:00 IST - The Macro Ledger (Substack)) is ALREADY posted today.
23:08:22 [INFO] Slot #4 (17:00 IST - Aegis US Quant Screener) is ALREADY posted today.
23:08:22 [INFO] Slot #5 (19:30 IST - The Macro Ledger (Substack)) is ALREADY posted today.
23:08:22 [INFO] Slot #6 (21:30 IST - The Macro Ledger (Substack)) is ALREADY posted today.
23:08:22 [INFO] 🎉 All due slots for today are already posted! No catch-up needed.
23:13:22 [INFO] Running catch-up engine for 2026-09-25 at 23:13:22 IST...
23:13:22 [INFO] Slot #1 (08:00 IST - The Macro Ledger (Substack)) is ALREADY posted today.
23:13:22 [INFO] Slot #2 (11:00 IST - Aegis US Quant Screener) is ALREADY posted today.
23:13:22 [INFO] Slot #3 (14:00 IST - The Macro Ledger (Substack)) is ALREADY posted today.
23:13:22 [INFO] Slot #4 (17:00 IST - Aegis US Quant Screener) is ALREADY posted today.
23:13:22 [INFO] Slot #5 (19:30 IST - The Macro Ledger (Substack)) is ALREADY posted today.
23:13:22 [INFO] Slot #6 (21:30 IST - The Macro Ledger (Substack)) is ALREADY posted today.
23:13:22 [INFO] 🎉 All due slots for today are already posted! No catch-up needed.
23:18:22 [INFO] Running catch-up engine for 2026-09-25 at 23:18:22 IST...
23:18:22 [INFO] Slot #1 (08:00 IST - The Macro Ledger (Substack)) is ALREADY posted today.
23:18:22 [INFO] Slot #2 (11:00 IST - Aegis US Quant Screener) is ALREADY posted today.
23:18:22 [INFO] Slot #3 (14:00 IST - The Macro Ledger (Substack)) is ALREADY posted today.
23:18:22 [INFO] Slot #4 (17:00 IST - Aegis US Quant Screener) is ALREADY posted today.
23:18:22 [INFO] Slot #5 (19:30 IST - The Macro Ledger (Substack)) is ALREADY posted today.
23:18:22 [INFO] Slot #6 (21:30 IST - The Macro Ledger (Substack)) is ALREADY posted today.
23:18:22 [INFO] 🎉 All due slots for today are already posted! No catch-up needed.
23:23:23 [INFO] Running catch-up engine for 2026-09-25 at 23:23:23 IST...
23:23:23 [INFO] Slot #1 (08:00 IST - The Macro Ledger (Substack)) is ALREADY posted today.
23:23:23 [INFO] Slot #2 (11:00 IST - Aegis US Quant Screener) is ALREADY posted today.
23:23:23 [INFO] Slot #3 (14:00 IST - The Macro Ledger (Substack)) is ALREADY posted today.
23:23:23 [INFO] Slot #4 (17:00 IST - Aegis US Quant Screener) is ALREADY posted today.
23:23:23 [INFO] Slot #5 (19:30 IST - The Macro Ledger (Substack)) is ALREADY posted today.
23:23:23 [INFO] Slot #6 (21:30 IST - The Macro Ledger (Substack)) is ALREADY posted today.
23:23:23 [INFO] 🎉 All due slots for today are already posted! No catch-up needed.
23:28:23 [INFO] Running catch-up engine for 2026-09-25 at 23:28:23 IST...
23:28:23 [INFO] Slot #1 (08:00 IST - The Macro Ledger (Substack)) is ALREADY posted today.
23:28:23 [INFO] Slot #2 (11:00 IST - Aegis US Quant Screener) is ALREADY posted today.
23:28:23 [INFO] Slot #3 (14:00 IST - The Macro Ledger (Substack)) is ALREADY posted today.
23:28:23 [INFO] Slot #4 (17:00 IST - Aegis US Quant Screener) is ALREADY posted today.
23:28:23 [INFO] Slot #5 (19:30 IST - The Macro Ledger (Substack)) is ALREADY posted today.
23:28:23 [INFO] Slot #6 (21:30 IST - The Macro Ledger (Substack)) is ALREADY posted today.
23:28:23 [INFO] 🎉 All due slots for today are already posted! No catch-up needed.
23:33:27 [INFO] Running catch-up engine for 2026-09-25 at 23:33:27 IST...
23:33:27 [INFO] Slot #1 (08:00 IST - The Macro Ledger (Substack)) is ALREADY posted today.
23:33:27 [INFO] Slot #2 (11:00 IST - Aegis US Quant Screener) is ALREADY posted today.
23:33:27 [INFO] Slot #3 (14:00 IST - The Macro Ledger (Substack)) is ALREADY posted today.
23:33:27 [INFO] Slot #4 (17:00 IST - Aegis US Quant Screener) is ALREADY posted today.
23:33:27 [INFO] Slot #5 (19:30 IST - The Macro Ledger (Substack)) is ALREADY posted today.
23:33:27 [INFO] Slot #6 (21:30 IST - The Macro Ledger (Substack)) is ALREADY posted today.
23:33:27 [INFO] 🎉 All due slots for today are already posted! No catch-up needed.
12:17:14 [INFO] Running catch-up engine for 2026-09-26 at 12:17:14 IST...
12:17:14 [INFO] Slot #1 (08:00 IST - The Macro Ledger (Substack)) is ALREADY posted today.
12:17:14 [INFO] Slot #2 (11:00 IST - Aegis US Quant Screener) is ALREADY posted today.
12:17:14 [INFO] Slot #3 (14:00 IST - The Macro Ledger (Substack)) is upcoming later today.
12:17:14 [INFO] Slot #4 (17:00 IST - Aegis US Quant Screener) is upcoming later today.
12:17:14 [INFO] Slot #5 (19:30 IST - The Macro Ledger (Substack)) is upcoming later today.
12:17:14 [INFO] Slot #6 (21:30 IST - The Macro Ledger (Substack)) is upcoming later today.
12:17:14 [INFO] 🎉 All due slots for today are already posted! No catch-up needed.
